------------------------------------------------------------
TimeQuest Timing Analyzer Summary
------------------------------------------------------------

Type  : Slow Model Setup 'Clk'
Slack : -6.209
TNS   : -83.589

Type  : Slow Model Setup 'Reset'
Slack : -4.661
TNS   : -8.004

Type  : Slow Model Hold 'Reset'
Slack : -2.346
TNS   : -5.359

Type  : Slow Model Hold 'Clk'
Slack : 0.251
TNS   : 0.000

Type  : Slow Model Recovery 'Reset'
Slack : -6.687
TNS   : -57.149

Type  : Slow Model Removal 'Reset'
Slack : -2.630
TNS   : -15.640

Type  : Slow Model Minimum Pulse Width 'Clk'
Slack : -1.380
TNS   : -18.380

Type  : Slow Model Minimum Pulse Width 'Reset'
Slack : -1.222
TNS   : -110.094

Type  : Fast Model Setup 'Clk'
Slack : -2.180
TNS   : -29.432

Type  : Fast Model Setup 'Reset'
Slack : -1.226
TNS   : -1.497

Type  : Fast Model Hold 'Reset'
Slack : -1.348
TNS   : -3.299

Type  : Fast Model Hold 'Clk'
Slack : -0.214
TNS   : -2.497

Type  : Fast Model Recovery 'Reset'
Slack : -2.636
TNS   : -22.829

Type  : Fast Model Removal 'Reset'
Slack : -1.173
TNS   : -7.205

Type  : Fast Model Minimum Pulse Width 'Clk'
Slack : -1.380
TNS   : -18.380

Type  : Fast Model Minimum Pulse Width 'Reset'
Slack : -1.222
TNS   : -16.474

------------------------------------------------------------
